// Jest Snapshot v1, https://goo.gl/fbAQLP

exports[`Pruebas para <LoginScreen /> debe renderizar correctamente 1`] = `
<div
  className="animate__animated animate__fadeIn animate__faster"
>
  <h3
    className="auth__title mb-5"
  >
    <i
      className="fa-solid fa-user-large fa-3x mb-5"
    />
    <span>
      Login
    </span>
  </h3>
  <form
    onSubmit={[Function]}
  >
    <input
      autoComplete="off"
      className="input"
      name="email"
      onChange={[Function]}
      placeholder="Email"
      type="email"
      value=""
    />
    <input
      className="input"
      name="password"
      onChange={[Function]}
      placeholder="Password"
      type="password"
      value=""
    />
    <button
      className="btn btn-primary btn-block"
      disabled={false}
      type="submit"
    >
      Login
    </button>
    <div
      className="auth__social_networks"
    >
      <p
        className="auth__paragraph"
      >
        Login with social network
      </p>
      <div
        className="google-btn"
        onClick={[Function]}
      >
        <div
          className="google-icon-wrapper"
        >
          <img
            alt="google button"
            className="google-icon"
            src="https://upload.wikimedia.org/wikipedia/commons/5/53/Google_%22G%22_Logo.svg"
          />
        </div>
        <p
          className="btn-text"
        >
          <b>
            Sign in with google
          </b>
        </p>
      </div>
    </div>
    <div
      className="auth__create_acount"
    >
      <a
        href="/auth/register"
        onClick={[Function]}
      >
        Create account
      </a>
    </div>
  </form>
</div>
`;
