// Jest Snapshot v1, https://goo.gl/fbAQLP

exports[`Prueba en <Sidebar /> debe mostrarse correctamente 1`] = `
<aside
  className="journal__sidebar"
>
  <nav
    className="journal__sidebar-navbar mt-5"
  >
    <h3>
      <i
        className="far fa-moon"
      />
      <span
        className="ml-1"
      >
        Nombre de Usuario
      </span>
    </h3>
    <button
      className="btn btn-outline-primary"
      onClick={[Function]}
    >
      Logout
    </button>
  </nav>
  <div
    className="journal__new-entry"
    onClick={[Function]}
  >
    <i
      className="far fa-calendar-plus fa-4x"
    />
    <p
      className="mt-1"
    >
      New entry
    </p>
  </div>
  <div
    className="journal__entries"
  />
</aside>
`;
